test (18.x)	Set up job	∩╗┐2026-02-10T08:07:47.6527317Z Current runner version: '2.331.0'
test (18.x)	Set up job	2026-02-10T08:07:47.6551174Z ##[group]Runner Image Provisioner
test (18.x)	Set up job	2026-02-10T08:07:47.6552097Z Hosted Compute Agent
test (18.x)	Set up job	2026-02-10T08:07:47.6552637Z Version: 20260123.484
test (18.x)	Set up job	2026-02-10T08:07:47.6553232Z Commit: 6bd6555ca37d84114959e1c76d2c01448ff61c5d
test (18.x)	Set up job	2026-02-10T08:07:47.6553981Z Build Date: 2026-01-23T19:41:17Z
test (18.x)	Set up job	2026-02-10T08:07:47.6554774Z Worker ID: {31fe2821-ef46-4001-bc2f-3c98cbfa20ac}
test (18.x)	Set up job	2026-02-10T08:07:47.6555508Z Azure Region: westus
test (18.x)	Set up job	2026-02-10T08:07:47.6556130Z ##[endgroup]
test (18.x)	Set up job	2026-02-10T08:07:47.6557477Z ##[group]Operating System
test (18.x)	Set up job	2026-02-10T08:07:47.6558092Z Ubuntu
test (18.x)	Set up job	2026-02-10T08:07:47.6558608Z 24.04.3
test (18.x)	Set up job	2026-02-10T08:07:47.6559135Z LTS
test (18.x)	Set up job	2026-02-10T08:07:47.6559637Z ##[endgroup]
test (18.x)	Set up job	2026-02-10T08:07:47.6560138Z ##[group]Runner Image
test (18.x)	Set up job	2026-02-10T08:07:47.6560714Z Image: ubuntu-24.04
test (18.x)	Set up job	2026-02-10T08:07:47.6561205Z Version: 20260201.15.1
test (18.x)	Set up job	2026-02-10T08:07:47.6562222Z Included Software: https://github.com/actions/runner-images/blob/ubuntu24/20260201.15/images/ubuntu/Ubuntu2404-Readme.md
test (18.x)	Set up job	2026-02-10T08:07:47.6563947Z Image Release: https://github.com/actions/runner-images/releases/tag/ubuntu24%2F20260201.15
test (18.x)	Set up job	2026-02-10T08:07:47.6565210Z ##[endgroup]
test (18.x)	Set up job	2026-02-10T08:07:47.6566282Z ##[group]GITHUB_TOKEN Permissions
test (18.x)	Set up job	2026-02-10T08:07:47.6568117Z Contents: read
test (18.x)	Set up job	2026-02-10T08:07:47.6568757Z Metadata: read
test (18.x)	Set up job	2026-02-10T08:07:47.6569330Z Packages: read
test (18.x)	Set up job	2026-02-10T08:07:47.6569894Z ##[endgroup]
test (18.x)	Set up job	2026-02-10T08:07:47.6571820Z Secret source: Actions
test (18.x)	Set up job	2026-02-10T08:07:47.6572533Z Prepare workflow directory
test (18.x)	Set up job	2026-02-10T08:07:47.6886227Z Prepare all required actions
test (18.x)	Set up job	2026-02-10T08:07:47.6923101Z Getting action download info
test (18.x)	Set up job	2026-02-10T08:07:48.1914044Z Download action repository 'actions/checkout@v4' (SHA:34e114876b0b11c390a56381ad16ebd13914f8d5)
test (18.x)	Set up job	2026-02-10T08:07:48.2948371Z Download action repository 'actions/setup-node@v4' (SHA:49933ea5288caeca8642d1e84afbd3f7d6820020)
test (18.x)	Set up job	2026-02-10T08:07:48.4295389Z Download action repository 'codecov/codecov-action@v4' (SHA:b9fd7d16f6d7d1b5d2bec1a2887e65ceed900238)
test (18.x)	Set up job	2026-02-10T08:07:49.4379324Z Complete job name: test (18.x)
test (18.x)	Checkout code	∩╗┐2026-02-10T08:07:49.5152405Z ##[group]Run actions/checkout@v4
test (18.x)	Checkout code	2026-02-10T08:07:49.5153738Z with:
test (18.x)	Checkout code	2026-02-10T08:07:49.5154738Z   repository: Andi-IM/beringin-app
test (18.x)	Checkout code	2026-02-10T08:07:49.5156038Z   token: ***
test (18.x)	Checkout code	2026-02-10T08:07:49.5156825Z   ssh-strict: true
test (18.x)	Checkout code	2026-02-10T08:07:49.5157623Z   ssh-user: git
test (18.x)	Checkout code	2026-02-10T08:07:49.5158423Z   persist-credentials: true
test (18.x)	Checkout code	2026-02-10T08:07:49.5159323Z   clean: true
test (18.x)	Checkout code	2026-02-10T08:07:49.5160164Z   sparse-checkout-cone-mode: true
test (18.x)	Checkout code	2026-02-10T08:07:49.5161161Z   fetch-depth: 1
test (18.x)	Checkout code	2026-02-10T08:07:49.5161940Z   fetch-tags: false
test (18.x)	Checkout code	2026-02-10T08:07:49.5162762Z   show-progress: true
test (18.x)	Checkout code	2026-02-10T08:07:49.5163574Z   lfs: false
test (18.x)	Checkout code	2026-02-10T08:07:49.5164327Z   submodules: false
test (18.x)	Checkout code	2026-02-10T08:07:49.5165296Z   set-safe-directory: true
test (18.x)	Checkout code	2026-02-10T08:07:49.5166480Z ##[endgroup]
test (18.x)	Checkout code	2026-02-10T08:07:49.6292248Z Syncing repository: Andi-IM/beringin-app
test (18.x)	Checkout code	2026-02-10T08:07:49.6296432Z ##[group]Getting Git version info
test (18.x)	Checkout code	2026-02-10T08:07:49.6298864Z Working directory is '/home/runner/work/beringin-app/beringin-app'
test (18.x)	Checkout code	2026-02-10T08:07:49.6302430Z [command]/usr/bin/git version
test (18.x)	Checkout code	2026-02-10T08:07:49.6355059Z git version 2.52.0
test (18.x)	Checkout code	2026-02-10T08:07:49.6392000Z ##[endgroup]
test (18.x)	Checkout code	2026-02-10T08:07:49.6408932Z Temporarily overriding HOME='/home/runner/work/_temp/9f96f509-a7ca-4960-ac23-864fbf803e96' before making global git config changes
test (18.x)	Checkout code	2026-02-10T08:07:49.6413764Z Adding repository directory to the temporary git global config as a safe directory
test (18.x)	Checkout code	2026-02-10T08:07:49.6417968Z [command]/usr/bin/git config --global --add safe.directory /home/runner/work/beringin-app/beringin-app
test (18.x)	Checkout code	2026-02-10T08:07:49.6455752Z Deleting the contents of '/home/runner/work/beringin-app/beringin-app'
test (18.x)	Checkout code	2026-02-10T08:07:49.6459492Z ##[group]Initializing the repository
test (18.x)	Checkout code	2026-02-10T08:07:49.6464342Z [command]/usr/bin/git init /home/runner/work/beringin-app/beringin-app
test (18.x)	Checkout code	2026-02-10T08:07:49.6557119Z hint: Using 'master' as the name for the initial branch. This default branch name
test (18.x)	Checkout code	2026-02-10T08:07:49.6559303Z hint: will change to "main" in Git 3.0. To configure the initial branch name
test (18.x)	Checkout code	2026-02-10T08:07:49.6562936Z hint: to use in all of your new repositories, which will suppress this warning,
test (18.x)	Checkout code	2026-02-10T08:07:49.6565801Z hint: call:
test (18.x)	Checkout code	2026-02-10T08:07:49.6567097Z hint:
test (18.x)	Checkout code	2026-02-10T08:07:49.6568978Z hint: 	git config --global init.defaultBranch <name>
test (18.x)	Checkout code	2026-02-10T08:07:49.6570995Z hint:
test (18.x)	Checkout code	2026-02-10T08:07:49.6572933Z hint: Names commonly chosen instead of 'master' are 'main', 'trunk' and
test (18.x)	Checkout code	2026-02-10T08:07:49.6576474Z hint: 'development'. The just-created branch can be renamed via this command:
test (18.x)	Checkout code	2026-02-10T08:07:49.6578966Z hint:
test (18.x)	Checkout code	2026-02-10T08:07:49.6580172Z hint: 	git branch -m <name>
test (18.x)	Checkout code	2026-02-10T08:07:49.6581428Z hint:
test (18.x)	Checkout code	2026-02-10T08:07:49.6582628Z hint: Disable this message with "git config set advice.defaultBranchName false"
test (18.x)	Checkout code	2026-02-10T08:07:49.6584955Z Initialized empty Git repository in /home/runner/work/beringin-app/beringin-app/.git/
test (18.x)	Checkout code	2026-02-10T08:07:49.6589993Z [command]/usr/bin/git remote add origin https://github.com/Andi-IM/beringin-app
test (18.x)	Checkout code	2026-02-10T08:07:49.6610774Z ##[endgroup]
test (18.x)	Checkout code	2026-02-10T08:07:49.6613263Z ##[group]Disabling automatic garbage collection
test (18.x)	Checkout code	2026-02-10T08:07:49.6615767Z [command]/usr/bin/git config --local gc.auto 0
test (18.x)	Checkout code	2026-02-10T08:07:49.6645102Z ##[endgroup]
test (18.x)	Checkout code	2026-02-10T08:07:49.6647412Z ##[group]Setting up auth
test (18.x)	Checkout code	2026-02-10T08:07:49.6652591Z [command]/usr/bin/git config --local --name-only --get-regexp core\.sshCommand
test (18.x)	Checkout code	2026-02-10T08:07:49.6686134Z [command]/usr/bin/git submodule foreach --recursive sh -c "git config --local --name-only --get-regexp 'core\.sshCommand' && git config --local --unset-all 'core.sshCommand' || :"
test (18.x)	Checkout code	2026-02-10T08:07:49.7019149Z [command]/usr/bin/git config --local --name-only --get-regexp http\.https\:\/\/github\.com\/\.extraheader
test (18.x)	Checkout code	2026-02-10T08:07:49.7051163Z [command]/usr/bin/git submodule foreach --recursive sh -c "git config --local --name-only --get-regexp 'http\.https\:\/\/github\.com\/\.extraheader' && git config --local --unset-all 'http.https://github.com/.extraheader' || :"
test (18.x)	Checkout code	2026-02-10T08:07:49.7286836Z [command]/usr/bin/git config --local --name-only --get-regexp ^includeIf\.gitdir:
test (18.x)	Checkout code	2026-02-10T08:07:49.7332253Z [command]/usr/bin/git submodule foreach --recursive git config --local --show-origin --name-only --get-regexp remote.origin.url
test (18.x)	Checkout code	2026-02-10T08:07:49.7574943Z [command]/usr/bin/git config --local http.https://github.com/.extraheader AUTHORIZATION: basic ***
test (18.x)	Checkout code	2026-02-10T08:07:49.7613429Z ##[endgroup]
test (18.x)	Checkout code	2026-02-10T08:07:49.7615783Z ##[group]Fetching the repository
test (18.x)	Checkout code	2026-02-10T08:07:49.7626814Z [command]/usr/bin/git -c protocol.version=2 fetch --no-tags --prune --no-recurse-submodules --depth=1 origin +9f3b00353a50d1d5d96af86f96b8c871ce53c6ca:refs/remotes/pull/4/merge
test (18.x)	Checkout code	2026-02-10T08:07:50.3901380Z From https://github.com/Andi-IM/beringin-app
test (18.x)	Checkout code	2026-02-10T08:07:50.3903620Z  * [new ref]         9f3b00353a50d1d5d96af86f96b8c871ce53c6ca -> pull/4/merge
test (18.x)	Checkout code	2026-02-10T08:07:50.3940339Z ##[endgroup]
test (18.x)	Checkout code	2026-02-10T08:07:50.3943003Z ##[group]Determining the checkout info
test (18.x)	Checkout code	2026-02-10T08:07:50.3946183Z ##[endgroup]
test (18.x)	Checkout code	2026-02-10T08:07:50.3947801Z [command]/usr/bin/git sparse-checkout disable
test (18.x)	Checkout code	2026-02-10T08:07:50.3987151Z [command]/usr/bin/git config --local --unset-all extensions.worktreeConfig
test (18.x)	Checkout code	2026-02-10T08:07:50.4016665Z ##[group]Checking out the ref
test (18.x)	Checkout code	2026-02-10T08:07:50.4019087Z [command]/usr/bin/git checkout --progress --force refs/remotes/pull/4/merge
test (18.x)	Checkout code	2026-02-10T08:07:50.4130880Z Note: switching to 'refs/remotes/pull/4/merge'.
test (18.x)	Checkout code	2026-02-10T08:07:50.4133008Z 
test (18.x)	Checkout code	2026-02-10T08:07:50.4134347Z You are in 'detached HEAD' state. You can look around, make experimental
test (18.x)	Checkout code	2026-02-10T08:07:50.4136998Z changes and commit them, and you can discard any commits you make in this
test (18.x)	Checkout code	2026-02-10T08:07:50.4138957Z state without impacting any branches by switching back to a branch.
test (18.x)	Checkout code	2026-02-10T08:07:50.4140107Z 
test (18.x)	Checkout code	2026-02-10T08:07:50.4140780Z If you want to create a new branch to retain commits you create, you may
test (18.x)	Checkout code	2026-02-10T08:07:50.4142360Z do so (now or later) by using -c with the switch command. Example:
test (18.x)	Checkout code	2026-02-10T08:07:50.4143255Z 
test (18.x)	Checkout code	2026-02-10T08:07:50.4143619Z   git switch -c <new-branch-name>
test (18.x)	Checkout code	2026-02-10T08:07:50.4144761Z 
test (18.x)	Checkout code	2026-02-10T08:07:50.4145161Z Or undo this operation with:
test (18.x)	Checkout code	2026-02-10T08:07:50.4145824Z 
test (18.x)	Checkout code	2026-02-10T08:07:50.4146151Z   git switch -
test (18.x)	Checkout code	2026-02-10T08:07:50.4146593Z 
test (18.x)	Checkout code	2026-02-10T08:07:50.4147470Z Turn off this advice by setting config variable advice.detachedHead to false
test (18.x)	Checkout code	2026-02-10T08:07:50.4149007Z 
test (18.x)	Checkout code	2026-02-10T08:07:50.4150843Z HEAD is now at 9f3b003 Merge 4fa6fb30484585fbba829bda9be0c14454a14da0 into 46a4097e16649a0720b34002cb06c6ce82ff30fa
test (18.x)	Checkout code	2026-02-10T08:07:50.4154288Z ##[endgroup]
test (18.x)	Checkout code	2026-02-10T08:07:50.4176613Z [command]/usr/bin/git log -1 --format=%H
test (18.x)	Checkout code	2026-02-10T08:07:50.4198977Z 9f3b00353a50d1d5d96af86f96b8c871ce53c6ca
test (18.x)	Setup Node.js 18.x	∩╗┐2026-02-10T08:07:50.4499251Z ##[group]Run actions/setup-node@v4
test (18.x)	Setup Node.js 18.x	2026-02-10T08:07:50.4500231Z with:
test (18.x)	Setup Node.js 18.x	2026-02-10T08:07:50.4500889Z   node-version: 18.x
test (18.x)	Setup Node.js 18.x	2026-02-10T08:07:50.4501646Z   cache: npm
test (18.x)	Setup Node.js 18.x	2026-02-10T08:07:50.4502344Z   always-auth: false
test (18.x)	Setup Node.js 18.x	2026-02-10T08:07:50.4503099Z   check-latest: false
test (18.x)	Setup Node.js 18.x	2026-02-10T08:07:50.4504099Z   token: ***
test (18.x)	Setup Node.js 18.x	2026-02-10T08:07:50.4504943Z ##[endgroup]
test (18.x)	Setup Node.js 18.x	2026-02-10T08:07:50.6336936Z Attempting to download 18.x...
test (18.x)	Setup Node.js 18.x	2026-02-10T08:07:51.5949633Z Acquiring 18.20.8 - x64 from https://github.com/actions/node-versions/releases/download/18.20.8-14110393767/node-18.20.8-linux-x64.tar.gz
test (18.x)	Setup Node.js 18.x	2026-02-10T08:07:52.1458039Z Extracting ...
test (18.x)	Setup Node.js 18.x	2026-02-10T08:07:52.1563048Z [command]/usr/bin/tar xz --strip 1 --warning=no-unknown-keyword --overwrite -C /home/runner/work/_temp/67f9549f-cc32-4e26-a294-29acdcd2ecfe -f /home/runner/work/_temp/0c45663e-1c84-4ada-bd1c-c61c1130112a
test (18.x)	Setup Node.js 18.x	2026-02-10T08:07:53.0813108Z Adding to the cache ...
test (18.x)	Setup Node.js 18.x	2026-02-10T08:07:54.6755489Z ##[group]Environment details
test (18.x)	Setup Node.js 18.x	2026-02-10T08:07:54.9159280Z node: v18.20.8
test (18.x)	Setup Node.js 18.x	2026-02-10T08:07:54.9160048Z npm: 10.8.2
test (18.x)	Setup Node.js 18.x	2026-02-10T08:07:54.9160354Z yarn: 1.22.22
test (18.x)	Setup Node.js 18.x	2026-02-10T08:07:54.9161059Z ##[endgroup]
test (18.x)	Setup Node.js 18.x	2026-02-10T08:07:54.9182760Z [command]/opt/hostedtoolcache/node/18.20.8/x64/bin/npm config get cache
test (18.x)	Setup Node.js 18.x	2026-02-10T08:07:55.0374834Z /home/runner/.npm
test (18.x)	Setup Node.js 18.x	2026-02-10T08:07:55.2942428Z npm cache is not found
test (18.x)	Install dependencies	∩╗┐2026-02-10T08:07:55.3103288Z ##[group]Run npm ci
test (18.x)	Install dependencies	2026-02-10T08:07:55.3103628Z [36;1mnpm ci[0m
test (18.x)	Install dependencies	2026-02-10T08:07:55.3142192Z shell: /usr/bin/bash -e {0}
test (18.x)	Install dependencies	2026-02-10T08:07:55.3142518Z ##[endgroup]
test (18.x)	Install dependencies	2026-02-10T08:07:56.0607868Z npm warn EBADENGINE Unsupported engine {
test (18.x)	Install dependencies	2026-02-10T08:07:56.0608489Z npm warn EBADENGINE   package: '@supabase/auth-js@2.95.3',
test (18.x)	Install dependencies	2026-02-10T08:07:56.0608949Z npm warn EBADENGINE   required: { node: '>=20.0.0' },
test (18.x)	Install dependencies	2026-02-10T08:07:56.0609421Z npm warn EBADENGINE   current: { node: 'v18.20.8', npm: '10.8.2' }
test (18.x)	Install dependencies	2026-02-10T08:07:56.0609772Z npm warn EBADENGINE }
test (18.x)	Install dependencies	2026-02-10T08:07:56.0610060Z npm warn EBADENGINE Unsupported engine {
test (18.x)	Install dependencies	2026-02-10T08:07:56.0610484Z npm warn EBADENGINE   package: '@supabase/functions-js@2.95.3',
test (18.x)	Install dependencies	2026-02-10T08:07:56.0610926Z npm warn EBADENGINE   required: { node: '>=20.0.0' },
test (18.x)	Install dependencies	2026-02-10T08:07:56.0611370Z npm warn EBADENGINE   current: { node: 'v18.20.8', npm: '10.8.2' }
test (18.x)	Install dependencies	2026-02-10T08:07:56.0611715Z npm warn EBADENGINE }
test (18.x)	Install dependencies	2026-02-10T08:07:56.0612004Z npm warn EBADENGINE Unsupported engine {
test (18.x)	Install dependencies	2026-02-10T08:07:56.0612498Z npm warn EBADENGINE   package: '@supabase/postgrest-js@2.95.3',
test (18.x)	Install dependencies	2026-02-10T08:07:56.0612919Z npm warn EBADENGINE   required: { node: '>=20.0.0' },
test (18.x)	Install dependencies	2026-02-10T08:07:56.0613375Z npm warn EBADENGINE   current: { node: 'v18.20.8', npm: '10.8.2' }
test (18.x)	Install dependencies	2026-02-10T08:07:56.0613753Z npm warn EBADENGINE }
test (18.x)	Install dependencies	2026-02-10T08:07:56.0614800Z npm warn EBADENGINE Unsupported engine {
test (18.x)	Install dependencies	2026-02-10T08:07:56.0615233Z npm warn EBADENGINE   package: '@supabase/realtime-js@2.95.3',
test (18.x)	Install dependencies	2026-02-10T08:07:56.0615666Z npm warn EBADENGINE   required: { node: '>=20.0.0' },
test (18.x)	Install dependencies	2026-02-10T08:07:56.0616101Z npm warn EBADENGINE   current: { node: 'v18.20.8', npm: '10.8.2' }
test (18.x)	Install dependencies	2026-02-10T08:07:56.0616447Z npm warn EBADENGINE }
test (18.x)	Install dependencies	2026-02-10T08:07:56.0618261Z npm warn EBADENGINE Unsupported engine {
test (18.x)	Install dependencies	2026-02-10T08:07:56.0618964Z npm warn EBADENGINE   package: '@supabase/storage-js@2.95.3',
test (18.x)	Install dependencies	2026-02-10T08:07:56.0619404Z npm warn EBADENGINE   required: { node: '>=20.0.0' },
test (18.x)	Install dependencies	2026-02-10T08:07:56.0619853Z npm warn EBADENGINE   current: { node: 'v18.20.8', npm: '10.8.2' }
test (18.x)	Install dependencies	2026-02-10T08:07:56.0620713Z npm warn EBADENGINE }
test (18.x)	Install dependencies	2026-02-10T08:07:56.0621188Z npm warn EBADENGINE Unsupported engine {
test (18.x)	Install dependencies	2026-02-10T08:07:56.0621697Z npm warn EBADENGINE   package: '@supabase/supabase-js@2.95.3',
test (18.x)	Install dependencies	2026-02-10T08:07:56.0622127Z npm warn EBADENGINE   required: { node: '>=20.0.0' },
test (18.x)	Install dependencies	2026-02-10T08:07:56.0622558Z npm warn EBADENGINE   current: { node: 'v18.20.8', npm: '10.8.2' }
test (18.x)	Install dependencies	2026-02-10T08:07:56.0622907Z npm warn EBADENGINE }
test (18.x)	Install dependencies	2026-02-10T08:07:56.0639269Z npm warn EBADENGINE Unsupported engine {
test (18.x)	Install dependencies	2026-02-10T08:07:56.0639908Z npm warn EBADENGINE   package: 'iceberg-js@0.8.1',
test (18.x)	Install dependencies	2026-02-10T08:07:56.0640325Z npm warn EBADENGINE   required: { node: '>=20.0.0' },
test (18.x)	Install dependencies	2026-02-10T08:07:56.0640766Z npm warn EBADENGINE   current: { node: 'v18.20.8', npm: '10.8.2' }
test (18.x)	Install dependencies	2026-02-10T08:07:56.0641111Z npm warn EBADENGINE }
test (18.x)	Install dependencies	2026-02-10T08:07:56.0654196Z npm warn EBADENGINE Unsupported engine {
test (18.x)	Install dependencies	2026-02-10T08:07:56.0655133Z npm warn EBADENGINE   package: 'next@16.1.6',
test (18.x)	Install dependencies	2026-02-10T08:07:56.0655877Z npm warn EBADENGINE   required: { node: '>=20.9.0' },
test (18.x)	Install dependencies	2026-02-10T08:07:56.0656692Z npm warn EBADENGINE   current: { node: 'v18.20.8', npm: '10.8.2' }
test (18.x)	Install dependencies	2026-02-10T08:07:56.0657301Z npm warn EBADENGINE }
test (18.x)	Install dependencies	2026-02-10T08:07:56.0660867Z npm warn EBADENGINE Unsupported engine {
test (18.x)	Install dependencies	2026-02-10T08:07:56.0661698Z npm warn EBADENGINE   package: 'prettier-plugin-tailwindcss@0.7.2',
test (18.x)	Install dependencies	2026-02-10T08:07:56.0662500Z npm warn EBADENGINE   required: { node: '>=20.19' },
test (18.x)	Install dependencies	2026-02-10T08:07:56.0663288Z npm warn EBADENGINE   current: { node: 'v18.20.8', npm: '10.8.2' }
test (18.x)	Install dependencies	2026-02-10T08:07:56.0663910Z npm warn EBADENGINE }
test (18.x)	Install dependencies	2026-02-10T08:07:57.8282658Z npm warn deprecated whatwg-encoding@3.1.1: Use @exodus/bytes instead for a more spec-conformant and faster implementation
test (18.x)	Install dependencies	2026-02-10T08:07:58.8382262Z npm warn deprecated inflight@1.0.6: This module is not supported, and leaks memory. Do not use it. Check out lru-cache if you want a good and tested way to coalesce async requests by a key value, which is much more comprehensive and powerful.
test (18.x)	Install dependencies	2026-02-10T08:08:00.5923347Z npm warn deprecated glob@7.2.3: Old versions of glob are not supported, and contain widely publicized security vulnerabilities, which have been fixed in the current version. Please update. Support for old versions may be purchased (at exorbitant rates) by contacting i@izs.me
test (18.x)	Install dependencies	2026-02-10T08:08:01.1216464Z npm warn deprecated glob@10.5.0: Old versions of glob are not supported, and contain widely publicized security vulnerabilities, which have been fixed in the current version. Please update. Support for old versions may be purchased (at exorbitant rates) by contacting i@izs.me
test (18.x)	Install dependencies	2026-02-10T08:08:08.5889989Z 
test (18.x)	Install dependencies	2026-02-10T08:08:08.5890810Z > beringin-app@0.1.0 prepare
test (18.x)	Install dependencies	2026-02-10T08:08:08.5891154Z > husky
test (18.x)	Install dependencies	2026-02-10T08:08:08.5891306Z 
test (18.x)	Install dependencies	2026-02-10T08:08:08.6554510Z 
test (18.x)	Install dependencies	2026-02-10T08:08:08.6555361Z added 710 packages, and audited 711 packages in 13s
test (18.x)	Install dependencies	2026-02-10T08:08:08.6555801Z 
test (18.x)	Install dependencies	2026-02-10T08:08:08.6556065Z 188 packages are looking for funding
test (18.x)	Install dependencies	2026-02-10T08:08:08.6556554Z   run `npm fund` for details
test (18.x)	Install dependencies	2026-02-10T08:08:08.6573239Z 
test (18.x)	Install dependencies	2026-02-10T08:08:08.6573551Z found 0 vulnerabilities
test (18.x)	Run linter	∩╗┐2026-02-10T08:08:08.6960280Z ##[group]Run npm run lint
test (18.x)	Run linter	2026-02-10T08:08:08.6960562Z [36;1mnpm run lint[0m
test (18.x)	Run linter	2026-02-10T08:08:08.6992468Z shell: /usr/bin/bash -e {0}
test (18.x)	Run linter	2026-02-10T08:08:08.6992711Z ##[endgroup]
test (18.x)	Run linter	2026-02-10T08:08:08.8217504Z 
test (18.x)	Run linter	2026-02-10T08:08:08.8218274Z > beringin-app@0.1.0 lint
test (18.x)	Run linter	2026-02-10T08:08:08.8218634Z > eslint .
test (18.x)	Run linter	2026-02-10T08:08:08.8218750Z 
test (18.x)	Run linter	2026-02-10T08:08:11.8496573Z 
test (18.x)	Run linter	2026-02-10T08:08:11.8497522Z /home/runner/work/beringin-app/beringin-app/src/app/dashboard/page.tsx
test (18.x)	Run linter	2026-02-10T08:08:11.8545129Z ##[error]  34:30  error  Unexpected use of 'fetch'. Data fetching should be handled in the Infrastructure layer via Repositories, not directly in the UI  no-restricted-globals
test (18.x)	Run linter	2026-02-10T08:08:11.8554617Z 
test (18.x)	Run linter	2026-02-10T08:08:11.8555178Z /home/runner/work/beringin-app/beringin-app/src/app/login/page.tsx
test (18.x)	Run linter	2026-02-10T08:08:11.8557795Z ##[warning]  28:14  warning  'err' is defined but never used  @typescript-eslint/no-unused-vars
test (18.x)	Run linter	2026-02-10T08:08:11.8559585Z 
test (18.x)	Run linter	2026-02-10T08:08:11.8560088Z /home/runner/work/beringin-app/beringin-app/src/app/register/page.tsx
test (18.x)	Run linter	2026-02-10T08:08:11.8561737Z ##[warning]  15:9   warning  'router' is assigned a value but never used  @typescript-eslint/no-unused-vars
test (18.x)	Run linter	2026-02-10T08:08:11.8563961Z ##[warning]  35:14  warning  'err' is defined but never used              @typescript-eslint/no-unused-vars
test (18.x)	Run linter	2026-02-10T08:08:11.8565435Z 
test (18.x)	Run linter	2026-02-10T08:08:11.8566132Z /home/runner/work/beringin-app/beringin-app/src/application/usecases/getCurrentUser.usecase.ts
test (18.x)	Run linter	2026-02-10T08:08:11.8567910Z ##[warning]  18:12  warning  'error' is defined but never used  @typescript-eslint/no-unused-vars
test (18.x)	Run linter	2026-02-10T08:08:11.8569169Z 
test (18.x)	Run linter	2026-02-10T08:08:11.8569777Z /home/runner/work/beringin-app/beringin-app/src/infrastructure/auth/supabase-client.ts
test (18.x)	Run linter	2026-02-10T08:08:11.8571398Z ##[warning]  18:20  warning  'error' is defined but never used  @typescript-eslint/no-unused-vars
test (18.x)	Run linter	2026-02-10T08:08:11.8573465Z ##[warning]  27:20  warning  'error' is defined but never used  @typescript-eslint/no-unused-vars
test (18.x)	Run linter	2026-02-10T08:08:11.8574911Z 
test (18.x)	Run linter	2026-02-10T08:08:11.8575480Z Γ£û 7 problems (1 error, 6 warnings)
test (18.x)	Run linter	2026-02-10T08:08:11.8575785Z 
test (18.x)	Run linter	2026-02-10T08:08:11.9045556Z ##[error]The operation was canceled.
test (18.x)	Post Checkout code	∩╗┐2026-02-10T08:08:11.9160367Z Post job cleanup.
test (18.x)	Post Checkout code	2026-02-10T08:08:12.0167011Z [command]/usr/bin/git version
test (18.x)	Post Checkout code	2026-02-10T08:08:12.0204361Z git version 2.52.0
test (18.x)	Post Checkout code	2026-02-10T08:08:12.0249510Z Temporarily overriding HOME='/home/runner/work/_temp/5afad1e2-02b0-4cd5-b1bb-fc7a2c0606c5' before making global git config changes
test (18.x)	Post Checkout code	2026-02-10T08:08:12.0251060Z Adding repository directory to the temporary git global config as a safe directory
test (18.x)	Post Checkout code	2026-02-10T08:08:12.0263391Z [command]/usr/bin/git config --global --add safe.directory /home/runner/work/beringin-app/beringin-app
test (18.x)	Post Checkout code	2026-02-10T08:08:12.0299155Z [command]/usr/bin/git config --local --name-only --get-regexp core\.sshCommand
test (18.x)	Post Checkout code	2026-02-10T08:08:12.0333044Z [command]/usr/bin/git submodule foreach --recursive sh -c "git config --local --name-only --get-regexp 'core\.sshCommand' && git config --local --unset-all 'core.sshCommand' || :"
test (18.x)	Post Checkout code	2026-02-10T08:08:12.0580586Z [command]/usr/bin/git config --local --name-only --get-regexp http\.https\:\/\/github\.com\/\.extraheader
test (18.x)	Post Checkout code	2026-02-10T08:08:12.0607685Z http.https://github.com/.extraheader
test (18.x)	Post Checkout code	2026-02-10T08:08:12.0621388Z [command]/usr/bin/git config --local --unset-all http.https://github.com/.extraheader
test (18.x)	Post Checkout code	2026-02-10T08:08:12.0660465Z [command]/usr/bin/git submodule foreach --recursive sh -c "git config --local --name-only --get-regexp 'http\.https\:\/\/github\.com\/\.extraheader' && git config --local --unset-all 'http.https://github.com/.extraheader' || :"
test (18.x)	Post Checkout code	2026-02-10T08:08:12.0922779Z [command]/usr/bin/git config --local --name-only --get-regexp ^includeIf\.gitdir:
test (18.x)	Post Checkout code	2026-02-10T08:08:12.0961048Z [command]/usr/bin/git submodule foreach --recursive git config --local --show-origin --name-only --get-regexp remote.origin.url
test (18.x)	Complete job	∩╗┐2026-02-10T08:08:12.1340716Z Cleaning up orphan processes
build	Set up job	∩╗┐2026-02-10T08:07:47.4382984Z Current runner version: '2.331.0'
build	Set up job	2026-02-10T08:07:47.4406944Z ##[group]Runner Image Provisioner
build	Set up job	2026-02-10T08:07:47.4408232Z Hosted Compute Agent
build	Set up job	2026-02-10T08:07:47.4408809Z Version: 20260123.484
build	Set up job	2026-02-10T08:07:47.4409363Z Commit: 6bd6555ca37d84114959e1c76d2c01448ff61c5d
build	Set up job	2026-02-10T08:07:47.4410139Z Build Date: 2026-01-23T19:41:17Z
build	Set up job	2026-02-10T08:07:47.4410793Z Worker ID: {9b0370a3-5487-4a34-9dae-78371119ef26}
build	Set up job	2026-02-10T08:07:47.4411459Z Azure Region: centralus
build	Set up job	2026-02-10T08:07:47.4412054Z ##[endgroup]
build	Set up job	2026-02-10T08:07:47.4413415Z ##[group]Operating System
build	Set up job	2026-02-10T08:07:47.4414009Z Ubuntu
build	Set up job	2026-02-10T08:07:47.4414487Z 24.04.3
build	Set up job	2026-02-10T08:07:47.4414951Z LTS
build	Set up job	2026-02-10T08:07:47.4415391Z ##[endgroup]
build	Set up job	2026-02-10T08:07:47.4415912Z ##[group]Runner Image
build	Set up job	2026-02-10T08:07:47.4416476Z Image: ubuntu-24.04
build	Set up job	2026-02-10T08:07:47.4416943Z Version: 20260201.15.1
build	Set up job	2026-02-10T08:07:47.4418333Z Included Software: https://github.com/actions/runner-images/blob/ubuntu24/20260201.15/images/ubuntu/Ubuntu2404-Readme.md
build	Set up job	2026-02-10T08:07:47.4419978Z Image Release: https://github.com/actions/runner-images/releases/tag/ubuntu24%2F20260201.15
build	Set up job	2026-02-10T08:07:47.4420919Z ##[endgroup]
build	Set up job	2026-02-10T08:07:47.4421994Z ##[group]GITHUB_TOKEN Permissions
build	Set up job	2026-02-10T08:07:47.4424349Z Contents: read
build	Set up job	2026-02-10T08:07:47.4425031Z Metadata: read
build	Set up job	2026-02-10T08:07:47.4425523Z Packages: read
build	Set up job	2026-02-10T08:07:47.4426000Z ##[endgroup]
build	Set up job	2026-02-10T08:07:47.4428639Z Secret source: Actions
build	Set up job	2026-02-10T08:07:47.4429571Z Prepare workflow directory
build	Set up job	2026-02-10T08:07:47.4752746Z Prepare all required actions
build	Set up job	2026-02-10T08:07:47.4791722Z Getting action download info
build	Set up job	2026-02-10T08:07:47.8319893Z Download action repository 'actions/checkout@v4' (SHA:34e114876b0b11c390a56381ad16ebd13914f8d5)
build	Set up job	2026-02-10T08:07:47.9241545Z Download action repository 'actions/setup-node@v4' (SHA:49933ea5288caeca8642d1e84afbd3f7d6820020)
build	Set up job	2026-02-10T08:07:48.1179857Z Complete job name: build
build	Checkout code	∩╗┐2026-02-10T08:07:48.1847280Z ##[group]Run actions/checkout@v4
build	Checkout code	2026-02-10T08:07:48.1848407Z with:
build	Checkout code	2026-02-10T08:07:48.1848871Z   repository: Andi-IM/beringin-app
build	Checkout code	2026-02-10T08:07:48.1849548Z   token: ***
build	Checkout code	2026-02-10T08:07:48.1849941Z   ssh-strict: true
build	Checkout code	2026-02-10T08:07:48.1850345Z   ssh-user: git
build	Checkout code	2026-02-10T08:07:48.1850748Z   persist-credentials: true
build	Checkout code	2026-02-10T08:07:48.1851198Z   clean: true
build	Checkout code	2026-02-10T08:07:48.1851601Z   sparse-checkout-cone-mode: true
build	Checkout code	2026-02-10T08:07:48.1852078Z   fetch-depth: 1
build	Checkout code	2026-02-10T08:07:48.1852466Z   fetch-tags: false
build	Checkout code	2026-02-10T08:07:48.1852875Z   show-progress: true
build	Checkout code	2026-02-10T08:07:48.1853274Z   lfs: false
build	Checkout code	2026-02-10T08:07:48.1853653Z   submodules: false
build	Checkout code	2026-02-10T08:07:48.1854066Z   set-safe-directory: true
build	Checkout code	2026-02-10T08:07:48.1854711Z ##[endgroup]
build	Checkout code	2026-02-10T08:07:48.2927830Z Syncing repository: Andi-IM/beringin-app
build	Checkout code	2026-02-10T08:07:48.2929667Z ##[group]Getting Git version info
build	Checkout code	2026-02-10T08:07:48.2930427Z Working directory is '/home/runner/work/beringin-app/beringin-app'
build	Checkout code	2026-02-10T08:07:48.2931570Z [command]/usr/bin/git version
build	Checkout code	2026-02-10T08:07:48.3013384Z git version 2.52.0
build	Checkout code	2026-02-10T08:07:48.3038725Z ##[endgroup]
build	Checkout code	2026-02-10T08:07:48.3052198Z Temporarily overriding HOME='/home/runner/work/_temp/4523c0d6-7dcc-4735-80c4-fc5fc713ac9b' before making global git config changes
build	Checkout code	2026-02-10T08:07:48.3054472Z Adding repository directory to the temporary git global config as a safe directory
build	Checkout code	2026-02-10T08:07:48.3057181Z [command]/usr/bin/git config --global --add safe.directory /home/runner/work/beringin-app/beringin-app
build	Checkout code	2026-02-10T08:07:48.3094964Z Deleting the contents of '/home/runner/work/beringin-app/beringin-app'
build	Checkout code	2026-02-10T08:07:48.3098511Z ##[group]Initializing the repository
build	Checkout code	2026-02-10T08:07:48.3102292Z [command]/usr/bin/git init /home/runner/work/beringin-app/beringin-app
build	Checkout code	2026-02-10T08:07:48.3221341Z hint: Using 'master' as the name for the initial branch. This default branch name
build	Checkout code	2026-02-10T08:07:48.3222794Z hint: will change to "main" in Git 3.0. To configure the initial branch name
build	Checkout code	2026-02-10T08:07:48.3224371Z hint: to use in all of your new repositories, which will suppress this warning,
build	Checkout code	2026-02-10T08:07:48.3225843Z hint: call:
build	Checkout code	2026-02-10T08:07:48.3226418Z hint:
build	Checkout code	2026-02-10T08:07:48.3227323Z hint: 	git config --global init.defaultBranch <name>
build	Checkout code	2026-02-10T08:07:48.3228786Z hint:
build	Checkout code	2026-02-10T08:07:48.3229345Z hint: Names commonly chosen instead of 'master' are 'main', 'trunk' and
build	Checkout code	2026-02-10T08:07:48.3230225Z hint: 'development'. The just-created branch can be renamed via this command:
build	Checkout code	2026-02-10T08:07:48.3230901Z hint:
build	Checkout code	2026-02-10T08:07:48.3231249Z hint: 	git branch -m <name>
build	Checkout code	2026-02-10T08:07:48.3231948Z hint:
build	Checkout code	2026-02-10T08:07:48.3232720Z hint: Disable this message with "git config set advice.defaultBranchName false"
build	Checkout code	2026-02-10T08:07:48.3233683Z Initialized empty Git repository in /home/runner/work/beringin-app/beringin-app/.git/
build	Checkout code	2026-02-10T08:07:48.3237200Z [command]/usr/bin/git remote add origin https://github.com/Andi-IM/beringin-app
build	Checkout code	2026-02-10T08:07:48.3269719Z ##[endgroup]
build	Checkout code	2026-02-10T08:07:48.3270423Z ##[group]Disabling automatic garbage collection
build	Checkout code	2026-02-10T08:07:48.3273620Z [command]/usr/bin/git config --local gc.auto 0
build	Checkout code	2026-02-10T08:07:48.3301282Z ##[endgroup]
build	Checkout code	2026-02-10T08:07:48.3301937Z ##[group]Setting up auth
build	Checkout code	2026-02-10T08:07:48.3307543Z [command]/usr/bin/git config --local --name-only --get-regexp core\.sshCommand
build	Checkout code	2026-02-10T08:07:48.3336297Z [command]/usr/bin/git submodule foreach --recursive sh -c "git config --local --name-only --get-regexp 'core\.sshCommand' && git config --local --unset-all 'core.sshCommand' || :"
build	Checkout code	2026-02-10T08:07:48.3690818Z [command]/usr/bin/git config --local --name-only --get-regexp http\.https\:\/\/github\.com\/\.extraheader
build	Checkout code	2026-02-10T08:07:48.3718881Z [command]/usr/bin/git submodule foreach --recursive sh -c "git config --local --name-only --get-regexp 'http\.https\:\/\/github\.com\/\.extraheader' && git config --local --unset-all 'http.https://github.com/.extraheader' || :"
build	Checkout code	2026-02-10T08:07:48.3930893Z [command]/usr/bin/git config --local --name-only --get-regexp ^includeIf\.gitdir:
build	Checkout code	2026-02-10T08:07:48.3969648Z [command]/usr/bin/git submodule foreach --recursive git config --local --show-origin --name-only --get-regexp remote.origin.url
build	Checkout code	2026-02-10T08:07:48.4198667Z [command]/usr/bin/git config --local http.https://github.com/.extraheader AUTHORIZATION: basic ***
build	Checkout code	2026-02-10T08:07:48.4232175Z ##[endgroup]
build	Checkout code	2026-02-10T08:07:48.4233055Z ##[group]Fetching the repository
build	Checkout code	2026-02-10T08:07:48.4240766Z [command]/usr/bin/git -c protocol.version=2 fetch --no-tags --prune --no-recurse-submodules --depth=1 origin +9f3b00353a50d1d5d96af86f96b8c871ce53c6ca:refs/remotes/pull/4/merge
build	Checkout code	2026-02-10T08:07:48.8082715Z From https://github.com/Andi-IM/beringin-app
build	Checkout code	2026-02-10T08:07:48.8083813Z  * [new ref]         9f3b00353a50d1d5d96af86f96b8c871ce53c6ca -> pull/4/merge
build	Checkout code	2026-02-10T08:07:48.8115659Z ##[endgroup]
build	Checkout code	2026-02-10T08:07:48.8116981Z ##[group]Determining the checkout info
build	Checkout code	2026-02-10T08:07:48.8118777Z ##[endgroup]
build	Checkout code	2026-02-10T08:07:48.8124040Z [command]/usr/bin/git sparse-checkout disable
build	Checkout code	2026-02-10T08:07:48.8165895Z [command]/usr/bin/git config --local --unset-all extensions.worktreeConfig
build	Checkout code	2026-02-10T08:07:48.8192174Z ##[group]Checking out the ref
build	Checkout code	2026-02-10T08:07:48.8196437Z [command]/usr/bin/git checkout --progress --force refs/remotes/pull/4/merge
build	Checkout code	2026-02-10T08:07:48.8309829Z Note: switching to 'refs/remotes/pull/4/merge'.
build	Checkout code	2026-02-10T08:07:48.8310629Z 
build	Checkout code	2026-02-10T08:07:48.8311240Z You are in 'detached HEAD' state. You can look around, make experimental
build	Checkout code	2026-02-10T08:07:48.8312653Z changes and commit them, and you can discard any commits you make in this
build	Checkout code	2026-02-10T08:07:48.8314065Z state without impacting any branches by switching back to a branch.
build	Checkout code	2026-02-10T08:07:48.8314852Z 
build	Checkout code	2026-02-10T08:07:48.8315204Z If you want to create a new branch to retain commits you create, you may
build	Checkout code	2026-02-10T08:07:48.8316002Z do so (now or later) by using -c with the switch command. Example:
build	Checkout code	2026-02-10T08:07:48.8316458Z 
build	Checkout code	2026-02-10T08:07:48.8316654Z   git switch -c <new-branch-name>
build	Checkout code	2026-02-10T08:07:48.8316967Z 
build	Checkout code	2026-02-10T08:07:48.8317177Z Or undo this operation with:
build	Checkout code	2026-02-10T08:07:48.8317992Z 
build	Checkout code	2026-02-10T08:07:48.8318289Z   git switch -
build	Checkout code	2026-02-10T08:07:48.8318669Z 
build	Checkout code	2026-02-10T08:07:48.8319260Z Turn off this advice by setting config variable advice.detachedHead to false
build	Checkout code	2026-02-10T08:07:48.8319934Z 
build	Checkout code	2026-02-10T08:07:48.8320520Z HEAD is now at 9f3b003 Merge 4fa6fb30484585fbba829bda9be0c14454a14da0 into 46a4097e16649a0720b34002cb06c6ce82ff30fa
build	Checkout code	2026-02-10T08:07:48.8322435Z ##[endgroup]
build	Checkout code	2026-02-10T08:07:48.8353793Z [command]/usr/bin/git log -1 --format=%H
build	Checkout code	2026-02-10T08:07:48.8376117Z 9f3b00353a50d1d5d96af86f96b8c871ce53c6ca
build	Setup Node.js	∩╗┐2026-02-10T08:07:48.8628208Z ##[group]Run actions/setup-node@v4
build	Setup Node.js	2026-02-10T08:07:48.8628764Z with:
build	Setup Node.js	2026-02-10T08:07:48.8629109Z   node-version: 20.x
build	Setup Node.js	2026-02-10T08:07:48.8629479Z   cache: npm
build	Setup Node.js	2026-02-10T08:07:48.8629824Z   always-auth: false
build	Setup Node.js	2026-02-10T08:07:48.8630202Z   check-latest: false
build	Setup Node.js	2026-02-10T08:07:48.8630737Z   token: ***
build	Setup Node.js	2026-02-10T08:07:48.8631110Z ##[endgroup]
build	Setup Node.js	2026-02-10T08:07:49.0380171Z Found in cache @ /opt/hostedtoolcache/node/20.20.0/x64
build	Setup Node.js	2026-02-10T08:07:49.0384721Z ##[group]Environment details
build	Setup Node.js	2026-02-10T08:07:49.3772264Z node: v20.20.0
build	Setup Node.js	2026-02-10T08:07:49.3772815Z npm: 10.8.2
build	Setup Node.js	2026-02-10T08:07:49.3773045Z yarn: 1.22.22
build	Setup Node.js	2026-02-10T08:07:49.3773750Z ##[endgroup]
build	Setup Node.js	2026-02-10T08:07:49.3792038Z [command]/opt/hostedtoolcache/node/20.20.0/x64/bin/npm config get cache
build	Setup Node.js	2026-02-10T08:07:49.5009418Z /home/runner/.npm
build	Setup Node.js	2026-02-10T08:07:49.7108109Z npm cache is not found
build	Install dependencies	∩╗┐2026-02-10T08:07:49.7255294Z ##[group]Run npm ci
build	Install dependencies	2026-02-10T08:07:49.7255659Z [36;1mnpm ci[0m
build	Install dependencies	2026-02-10T08:07:49.7300287Z shell: /usr/bin/bash -e {0}
build	Install dependencies	2026-02-10T08:07:49.7300604Z ##[endgroup]
build	Install dependencies	2026-02-10T08:07:52.1155928Z npm warn deprecated whatwg-encoding@3.1.1: Use @exodus/bytes instead for a more spec-conformant and faster implementation
build	Install dependencies	2026-02-10T08:07:53.2316729Z npm warn deprecated inflight@1.0.6: This module is not supported, and leaks memory. Do not use it. Check out lru-cache if you want a good and tested way to coalesce async requests by a key value, which is much more comprehensive and powerful.
build	Install dependencies	2026-02-10T08:07:54.9100178Z npm warn deprecated glob@7.2.3: Old versions of glob are not supported, and contain widely publicized security vulnerabilities, which have been fixed in the current version. Please update. Support for old versions may be purchased (at exorbitant rates) by contacting i@izs.me
build	Install dependencies	2026-02-10T08:07:55.2314183Z npm warn deprecated glob@10.5.0: Old versions of glob are not supported, and contain widely publicized security vulnerabilities, which have been fixed in the current version. Please update. Support for old versions may be purchased (at exorbitant rates) by contacting i@izs.me
build	Install dependencies	2026-02-10T08:08:01.4181864Z 
build	Install dependencies	2026-02-10T08:08:01.4182694Z > beringin-app@0.1.0 prepare
build	Install dependencies	2026-02-10T08:08:01.4744052Z > husky
build	Install dependencies	2026-02-10T08:08:01.4744419Z 
build	Install dependencies	2026-02-10T08:08:01.4744472Z 
build	Install dependencies	2026-02-10T08:08:01.4745659Z added 710 packages, and audited 711 packages in 12s
build	Install dependencies	2026-02-10T08:08:01.4746435Z 
build	Install dependencies	2026-02-10T08:08:01.4753746Z 188 packages are looking for funding
build	Install dependencies	2026-02-10T08:08:01.4754278Z   run `npm fund` for details
build	Install dependencies	2026-02-10T08:08:01.4761085Z 
build	Install dependencies	2026-02-10T08:08:01.4762377Z found 0 vulnerabilities
build	Build application	∩╗┐2026-02-10T08:08:01.5161954Z ##[group]Run npm run build
build	Build application	2026-02-10T08:08:01.5162269Z [36;1mnpm run build[0m
build	Build application	2026-02-10T08:08:01.5196289Z shell: /usr/bin/bash -e {0}
build	Build application	2026-02-10T08:08:01.5196550Z ##[endgroup]
build	Build application	2026-02-10T08:08:01.6298815Z 
build	Build application	2026-02-10T08:08:01.6299481Z > beringin-app@0.1.0 build
build	Build application	2026-02-10T08:08:01.6300040Z > next build
build	Build application	2026-02-10T08:08:02.3395620Z 
build	Build application	2026-02-10T08:08:02.3397158Z ΓÜá No build cache found. Please configure build caching for faster rebuilds. Read more: https://nextjs.org/docs/messages/no-cache
build	Build application	2026-02-10T08:08:02.3554441Z Attention: Next.js now collects completely anonymous telemetry regarding usage.
build	Build application	2026-02-10T08:08:02.3555789Z This information is used to shape Next.js' roadmap and prioritize features.
build	Build application	2026-02-10T08:08:02.3559307Z You can learn more, including how to opt-out if you'd not like to participate in this anonymous program, by visiting the following URL:
build	Build application	2026-02-10T08:08:02.3560974Z https://nextjs.org/telemetry
build	Build application	2026-02-10T08:08:02.3561307Z 
build	Build application	2026-02-10T08:08:02.3675780Z Γû▓ Next.js 16.1.6 (Turbopack)
build	Build application	2026-02-10T08:08:02.3676467Z 
build	Build application	2026-02-10T08:08:02.4088396Z ΓÜá The "middleware" file convention is deprecated. Please use "proxy" instead. Learn more: https://nextjs.org/docs/messages/middleware-to-proxy
build	Build application	2026-02-10T08:08:02.4320431Z   Creating an optimized production build ...
build	Build application	2026-02-10T08:08:07.9068817Z 
build	Build application	2026-02-10T08:08:07.9069592Z > Build error occurred
build	Build application	2026-02-10T08:08:07.9109861Z Error: Turbopack build failed with 1 errors:
build	Build application	2026-02-10T08:08:07.9110672Z ./src/infrastructure/auth/supabase-client.ts:2:1
build	Build application	2026-02-10T08:08:07.9111328Z Ecmascript file had an error
build	Build application	2026-02-10T08:08:07.9113056Z [0m [90m 1 |[39m [36mimport[39m { createServerClient[33m,[39m type [33mCookieOptions[39m } [36mfrom[39m [32m'@supabase/ssr'[39m
build	Build application	2026-02-10T08:08:07.9114492Z [31m[1m>[22m[39m[90m 2 |[39m [36mimport[39m { cookies } [36mfrom[39m [32m'next/headers'[39m
build	Build application	2026-02-10T08:08:07.9117365Z  [90m   |[39m [31m[1m^[22m[39m[31m[1m^[22m[39m[31m[1m^[22m[39m[31m[1m^[22m[39m[31m[1m^[22m[39m[31m[1m^[22m[39m[31m[1m^[22m[39m[31m[1m^[22m[39m[31m[1m^[22m[39m[31m[1m^[22m[39m[31m[1m^[22m[39m[31m[1m^[22m[39m[31m[1m^[22m[39m[31m[1m^[22m[39m[31m[1m^[22m[39m[31m[1m^[22m[39m[31m[1m^[22m[39m[31m[1m^[22m[39m[31m[1m^[22m[39m[31m[1m^[22m[39m[31m[1m^[22m[39m[31m[1m^[22m[39m[31m[1m^[22m[39m[31m[1m^[22m[39m[31m[1m^[22m[39m[31m[1m^[22m[39m[31m[1m^[22m[39m[31m[1m^[22m[39m[31m[1m^[22m[39m[31m[1m^[22m[39m[31m[1m^[22m[39m[31m[1m^[22m[39m[31m[1m^[22m[39m[31m[1m^[22m[39m[31m[1m^[22m[39m[31m[1m^[22m[39m[31m[1m^[22m[39m[31m[1m^[22m[39m
build	Build application	2026-02-10T08:08:07.9119488Z  [90m 3 |[39m
build	Build application	2026-02-10T08:08:07.9119911Z  [90m 4 |[39m [36mexport[39m [36masync[39m [36mfunction[39m createClient() {
build	Build application	2026-02-10T08:08:07.9120548Z  [90m 5 |[39m   [36mconst[39m cookieStore [33m=[39m [36mawait[39m cookies()[0m
build	Build application	2026-02-10T08:08:07.9120851Z 
build	Build application	2026-02-10T08:08:07.9121904Z You're importing a component that needs "next/headers". That only works in a Server Component which is not supported in the pages/ directory. Read more: https://nextjs.org/docs/app/building-your-application/rendering/server-components
build	Build application	2026-02-10T08:08:07.9122761Z 
build	Build application	2026-02-10T08:08:07.9122769Z 
build	Build application	2026-02-10T08:08:07.9122775Z 
build	Build application	2026-02-10T08:08:07.9122864Z Import traces:
build	Build application	2026-02-10T08:08:07.9123053Z   App Route:
build	Build application	2026-02-10T08:08:07.9123347Z     ./src/infrastructure/auth/supabase-client.ts
build	Build application	2026-02-10T08:08:07.9123671Z     ./src/app/auth/callback/route.ts
build	Build application	2026-02-10T08:08:07.9123860Z 
build	Build application	2026-02-10T08:08:07.9123940Z   Edge App Route:
build	Build application	2026-02-10T08:08:07.9124202Z     ./src/infrastructure/auth/supabase-client.ts
build	Build application	2026-02-10T08:08:07.9124471Z     ./src/registry.ts
build	Build application	2026-02-10T08:08:07.9126125Z     ./src/app/api/session/next/route.ts
build	Build application	2026-02-10T08:08:07.9126326Z 
build	Build application	2026-02-10T08:08:07.9126444Z   Client Component Browser:
build	Build application	2026-02-10T08:08:07.9126839Z     ./src/infrastructure/auth/supabase-client.ts [Client Component Browser]
build	Build application	2026-02-10T08:08:07.9127267Z     ./src/registry.ts [Client Component Browser]
build	Build application	2026-02-10T08:08:07.9128150Z     ./src/app/login/page.tsx [Client Component Browser]
build	Build application	2026-02-10T08:08:07.9128533Z     ./src/app/login/page.tsx [Server Component]
build	Build application	2026-02-10T08:08:07.9128734Z 
build	Build application	2026-02-10T08:08:07.9128823Z   Client Component SSR:
build	Build application	2026-02-10T08:08:07.9129176Z     ./src/infrastructure/auth/supabase-client.ts [Client Component SSR]
build	Build application	2026-02-10T08:08:07.9129569Z     ./src/registry.ts [Client Component SSR]
build	Build application	2026-02-10T08:08:07.9129895Z     ./src/app/login/page.tsx [Client Component SSR]
build	Build application	2026-02-10T08:08:07.9130232Z     ./src/app/login/page.tsx [Server Component]
build	Build application	2026-02-10T08:08:07.9130431Z 
build	Build application	2026-02-10T08:08:07.9130438Z 
build	Build application	2026-02-10T08:08:07.9130647Z     at <unknown> (./src/infrastructure/auth/supabase-client.ts:2:1)
build	Build application	2026-02-10T08:08:07.9728896Z ##[error]Process completed with exit code 1.
build	Post Checkout code	∩╗┐2026-02-10T08:08:07.9836817Z Post job cleanup.
build	Post Checkout code	2026-02-10T08:08:08.0774847Z [command]/usr/bin/git version
build	Post Checkout code	2026-02-10T08:08:08.0810459Z git version 2.52.0
build	Post Checkout code	2026-02-10T08:08:08.0861573Z Temporarily overriding HOME='/home/runner/work/_temp/3bfbea8a-6cc9-4220-b470-8de9e65386db' before making global git config changes
build	Post Checkout code	2026-02-10T08:08:08.0863143Z Adding repository directory to the temporary git global config as a safe directory
build	Post Checkout code	2026-02-10T08:08:08.0867602Z [command]/usr/bin/git config --global --add safe.directory /home/runner/work/beringin-app/beringin-app
build	Post Checkout code	2026-02-10T08:08:08.0901360Z [command]/usr/bin/git config --local --name-only --get-regexp core\.sshCommand
build	Post Checkout code	2026-02-10T08:08:08.0933606Z [command]/usr/bin/git submodule foreach --recursive sh -c "git config --local --name-only --get-regexp 'core\.sshCommand' && git config --local --unset-all 'core.sshCommand' || :"
build	Post Checkout code	2026-02-10T08:08:08.1157515Z [command]/usr/bin/git config --local --name-only --get-regexp http\.https\:\/\/github\.com\/\.extraheader
build	Post Checkout code	2026-02-10T08:08:08.1178507Z http.https://github.com/.extraheader
build	Post Checkout code	2026-02-10T08:08:08.1189814Z [command]/usr/bin/git config --local --unset-all http.https://github.com/.extraheader
build	Post Checkout code	2026-02-10T08:08:08.1219156Z [command]/usr/bin/git submodule foreach --recursive sh -c "git config --local --name-only --get-regexp 'http\.https\:\/\/github\.com\/\.extraheader' && git config --local --unset-all 'http.https://github.com/.extraheader' || :"
build	Post Checkout code	2026-02-10T08:08:08.1433689Z [command]/usr/bin/git config --local --name-only --get-regexp ^includeIf\.gitdir:
build	Post Checkout code	2026-02-10T08:08:08.1463149Z [command]/usr/bin/git submodule foreach --recursive git config --local --show-origin --name-only --get-regexp remote.origin.url
build	Complete job	∩╗┐2026-02-10T08:08:08.1782385Z Cleaning up orphan processes
test (20.x)	Set up job	∩╗┐2026-02-10T08:07:50.1469150Z Current runner version: '2.331.0'
test (20.x)	Set up job	2026-02-10T08:07:50.1501409Z ##[group]Runner Image Provisioner
test (20.x)	Set up job	2026-02-10T08:07:50.1502707Z Hosted Compute Agent
test (20.x)	Set up job	2026-02-10T08:07:50.1503615Z Version: 20260123.484
test (20.x)	Set up job	2026-02-10T08:07:50.1504607Z Commit: 6bd6555ca37d84114959e1c76d2c01448ff61c5d
test (20.x)	Set up job	2026-02-10T08:07:50.1506002Z Build Date: 2026-01-23T19:41:17Z
test (20.x)	Set up job	2026-02-10T08:07:50.1507087Z Worker ID: {0854566c-f201-4ffe-ad1b-60d9b020062d}
test (20.x)	Set up job	2026-02-10T08:07:50.1508257Z Azure Region: eastus2
test (20.x)	Set up job	2026-02-10T08:07:50.1509101Z ##[endgroup]
test (20.x)	Set up job	2026-02-10T08:07:50.1511176Z ##[group]Operating System
test (20.x)	Set up job	2026-02-10T08:07:50.1512160Z Ubuntu
test (20.x)	Set up job	2026-02-10T08:07:50.1512931Z 24.04.3
test (20.x)	Set up job	2026-02-10T08:07:50.1513623Z LTS
test (20.x)	Set up job	2026-02-10T08:07:50.1514498Z ##[endgroup]
test (20.x)	Set up job	2026-02-10T08:07:50.1515420Z ##[group]Runner Image
test (20.x)	Set up job	2026-02-10T08:07:50.1516302Z Image: ubuntu-24.04
test (20.x)	Set up job	2026-02-10T08:07:50.1517258Z Version: 20260201.15.1
test (20.x)	Set up job	2026-02-10T08:07:50.1518865Z Included Software: https://github.com/actions/runner-images/blob/ubuntu24/20260201.15/images/ubuntu/Ubuntu2404-Readme.md
test (20.x)	Set up job	2026-02-10T08:07:50.1521714Z Image Release: https://github.com/actions/runner-images/releases/tag/ubuntu24%2F20260201.15
test (20.x)	Set up job	2026-02-10T08:07:50.1523194Z ##[endgroup]
test (20.x)	Set up job	2026-02-10T08:07:50.1524980Z ##[group]GITHUB_TOKEN Permissions
test (20.x)	Set up job	2026-02-10T08:07:50.1527573Z Contents: read
test (20.x)	Set up job	2026-02-10T08:07:50.1528361Z Metadata: read
test (20.x)	Set up job	2026-02-10T08:07:50.1529304Z Packages: read
test (20.x)	Set up job	2026-02-10T08:07:50.1530104Z ##[endgroup]
test (20.x)	Set up job	2026-02-10T08:07:50.1533016Z Secret source: Actions
test (20.x)	Set up job	2026-02-10T08:07:50.1534062Z Prepare workflow directory
test (20.x)	Set up job	2026-02-10T08:07:50.1982545Z Prepare all required actions
test (20.x)	Set up job	2026-02-10T08:07:50.2036968Z Getting action download info
test (20.x)	Set up job	2026-02-10T08:07:50.5483143Z Download action repository 'actions/checkout@v4' (SHA:34e114876b0b11c390a56381ad16ebd13914f8d5)
test (20.x)	Set up job	2026-02-10T08:07:50.6463273Z Download action repository 'actions/setup-node@v4' (SHA:49933ea5288caeca8642d1e84afbd3f7d6820020)
test (20.x)	Set up job	2026-02-10T08:07:50.7452509Z Download action repository 'codecov/codecov-action@v4' (SHA:b9fd7d16f6d7d1b5d2bec1a2887e65ceed900238)
test (20.x)	Set up job	2026-02-10T08:07:51.1044249Z Complete job name: test (20.x)
test (20.x)	Checkout code	∩╗┐2026-02-10T08:07:51.1698807Z ##[group]Run actions/checkout@v4
test (20.x)	Checkout code	2026-02-10T08:07:51.1699705Z with:
test (20.x)	Checkout code	2026-02-10T08:07:51.1700167Z   repository: Andi-IM/beringin-app
test (20.x)	Checkout code	2026-02-10T08:07:51.1700894Z   token: ***
test (20.x)	Checkout code	2026-02-10T08:07:51.1701314Z   ssh-strict: true
test (20.x)	Checkout code	2026-02-10T08:07:51.1701744Z   ssh-user: git
test (20.x)	Checkout code	2026-02-10T08:07:51.1702169Z   persist-credentials: true
test (20.x)	Checkout code	2026-02-10T08:07:51.1702651Z   clean: true
test (20.x)	Checkout code	2026-02-10T08:07:51.1703086Z   sparse-checkout-cone-mode: true
test (20.x)	Checkout code	2026-02-10T08:07:51.1703602Z   fetch-depth: 1
test (20.x)	Checkout code	2026-02-10T08:07:51.1704031Z   fetch-tags: false
test (20.x)	Checkout code	2026-02-10T08:07:51.1704468Z   show-progress: true
test (20.x)	Checkout code	2026-02-10T08:07:51.1704908Z   lfs: false
test (20.x)	Checkout code	2026-02-10T08:07:51.1705510Z   submodules: false
test (20.x)	Checkout code	2026-02-10T08:07:51.1705954Z   set-safe-directory: true
test (20.x)	Checkout code	2026-02-10T08:07:51.1706695Z ##[endgroup]
test (20.x)	Checkout code	2026-02-10T08:07:51.2821410Z Syncing repository: Andi-IM/beringin-app
test (20.x)	Checkout code	2026-02-10T08:07:51.2824471Z ##[group]Getting Git version info
test (20.x)	Checkout code	2026-02-10T08:07:51.2826201Z Working directory is '/home/runner/work/beringin-app/beringin-app'
test (20.x)	Checkout code	2026-02-10T08:07:51.2828411Z [command]/usr/bin/git version
test (20.x)	Checkout code	2026-02-10T08:07:51.2899039Z git version 2.52.0
test (20.x)	Checkout code	2026-02-10T08:07:51.2925785Z ##[endgroup]
test (20.x)	Checkout code	2026-02-10T08:07:51.2938774Z Temporarily overriding HOME='/home/runner/work/_temp/d8179c5f-e5cb-42df-9911-155387229eb4' before making global git config changes
test (20.x)	Checkout code	2026-02-10T08:07:51.2940250Z Adding repository directory to the temporary git global config as a safe directory
test (20.x)	Checkout code	2026-02-10T08:07:51.2944596Z [command]/usr/bin/git config --global --add safe.directory /home/runner/work/beringin-app/beringin-app
test (20.x)	Checkout code	2026-02-10T08:07:51.2984251Z Deleting the contents of '/home/runner/work/beringin-app/beringin-app'
test (20.x)	Checkout code	2026-02-10T08:07:51.2988336Z ##[group]Initializing the repository
test (20.x)	Checkout code	2026-02-10T08:07:51.2993158Z [command]/usr/bin/git init /home/runner/work/beringin-app/beringin-app
test (20.x)	Checkout code	2026-02-10T08:07:51.3109263Z hint: Using 'master' as the name for the initial branch. This default branch name
test (20.x)	Checkout code	2026-02-10T08:07:51.3110738Z hint: will change to "main" in Git 3.0. To configure the initial branch name
test (20.x)	Checkout code	2026-02-10T08:07:51.3112100Z hint: to use in all of your new repositories, which will suppress this warning,
test (20.x)	Checkout code	2026-02-10T08:07:51.3113599Z hint: call:
test (20.x)	Checkout code	2026-02-10T08:07:51.3114079Z hint:
test (20.x)	Checkout code	2026-02-10T08:07:51.3115335Z hint: 	git config --global init.defaultBranch <name>
test (20.x)	Checkout code	2026-02-10T08:07:51.3116615Z hint:
test (20.x)	Checkout code	2026-02-10T08:07:51.3117813Z hint: Names commonly chosen instead of 'master' are 'main', 'trunk' and
test (20.x)	Checkout code	2026-02-10T08:07:51.3119738Z hint: 'development'. The just-created branch can be renamed via this command:
test (20.x)	Checkout code	2026-02-10T08:07:51.3121294Z hint:
test (20.x)	Checkout code	2026-02-10T08:07:51.3122073Z hint: 	git branch -m <name>
test (20.x)	Checkout code	2026-02-10T08:07:51.3122939Z hint:
test (20.x)	Checkout code	2026-02-10T08:07:51.3124116Z hint: Disable this message with "git config set advice.defaultBranchName false"
test (20.x)	Checkout code	2026-02-10T08:07:51.3126574Z Initialized empty Git repository in /home/runner/work/beringin-app/beringin-app/.git/
test (20.x)	Checkout code	2026-02-10T08:07:51.3129953Z [command]/usr/bin/git remote add origin https://github.com/Andi-IM/beringin-app
test (20.x)	Checkout code	2026-02-10T08:07:51.3163224Z ##[endgroup]
test (20.x)	Checkout code	2026-02-10T08:07:51.3164695Z ##[group]Disabling automatic garbage collection
test (20.x)	Checkout code	2026-02-10T08:07:51.3168166Z [command]/usr/bin/git config --local gc.auto 0
test (20.x)	Checkout code	2026-02-10T08:07:51.3197362Z ##[endgroup]
test (20.x)	Checkout code	2026-02-10T08:07:51.3198872Z ##[group]Setting up auth
test (20.x)	Checkout code	2026-02-10T08:07:51.3204817Z [command]/usr/bin/git config --local --name-only --get-regexp core\.sshCommand
test (20.x)	Checkout code	2026-02-10T08:07:51.3236849Z [command]/usr/bin/git submodule foreach --recursive sh -c "git config --local --name-only --get-regexp 'core\.sshCommand' && git config --local --unset-all 'core.sshCommand' || :"
test (20.x)	Checkout code	2026-02-10T08:07:51.3592569Z [command]/usr/bin/git config --local --name-only --get-regexp http\.https\:\/\/github\.com\/\.extraheader
test (20.x)	Checkout code	2026-02-10T08:07:51.3624356Z [command]/usr/bin/git submodule foreach --recursive sh -c "git config --local --name-only --get-regexp 'http\.https\:\/\/github\.com\/\.extraheader' && git config --local --unset-all 'http.https://github.com/.extraheader' || :"
test (20.x)	Checkout code	2026-02-10T08:07:51.3845736Z [command]/usr/bin/git config --local --name-only --get-regexp ^includeIf\.gitdir:
test (20.x)	Checkout code	2026-02-10T08:07:51.3887762Z [command]/usr/bin/git submodule foreach --recursive git config --local --show-origin --name-only --get-regexp remote.origin.url
test (20.x)	Checkout code	2026-02-10T08:07:51.4109103Z [command]/usr/bin/git config --local http.https://github.com/.extraheader AUTHORIZATION: basic ***
test (20.x)	Checkout code	2026-02-10T08:07:51.4143376Z ##[endgroup]
test (20.x)	Checkout code	2026-02-10T08:07:51.4144737Z ##[group]Fetching the repository
test (20.x)	Checkout code	2026-02-10T08:07:51.4152093Z [command]/usr/bin/git -c protocol.version=2 fetch --no-tags --prune --no-recurse-submodules --depth=1 origin +9f3b00353a50d1d5d96af86f96b8c871ce53c6ca:refs/remotes/pull/4/merge
test (20.x)	Checkout code	2026-02-10T08:07:51.6327626Z From https://github.com/Andi-IM/beringin-app
test (20.x)	Checkout code	2026-02-10T08:07:51.6329565Z  * [new ref]         9f3b00353a50d1d5d96af86f96b8c871ce53c6ca -> pull/4/merge
test (20.x)	Checkout code	2026-02-10T08:07:51.6362061Z ##[endgroup]
test (20.x)	Checkout code	2026-02-10T08:07:51.6363511Z ##[group]Determining the checkout info
test (20.x)	Checkout code	2026-02-10T08:07:51.6364968Z ##[endgroup]
test (20.x)	Checkout code	2026-02-10T08:07:51.6369895Z [command]/usr/bin/git sparse-checkout disable
test (20.x)	Checkout code	2026-02-10T08:07:51.6411551Z [command]/usr/bin/git config --local --unset-all extensions.worktreeConfig
test (20.x)	Checkout code	2026-02-10T08:07:51.6438225Z ##[group]Checking out the ref
test (20.x)	Checkout code	2026-02-10T08:07:51.6442062Z [command]/usr/bin/git checkout --progress --force refs/remotes/pull/4/merge
test (20.x)	Checkout code	2026-02-10T08:07:51.6554252Z Note: switching to 'refs/remotes/pull/4/merge'.
test (20.x)	Checkout code	2026-02-10T08:07:51.6555584Z 
test (20.x)	Checkout code	2026-02-10T08:07:51.6556282Z You are in 'detached HEAD' state. You can look around, make experimental
test (20.x)	Checkout code	2026-02-10T08:07:51.6558087Z changes and commit them, and you can discard any commits you make in this
test (20.x)	Checkout code	2026-02-10T08:07:51.6560897Z state without impacting any branches by switching back to a branch.
test (20.x)	Checkout code	2026-02-10T08:07:51.6562600Z 
test (20.x)	Checkout code	2026-02-10T08:07:51.6563710Z If you want to create a new branch to retain commits you create, you may
test (20.x)	Checkout code	2026-02-10T08:07:51.6566465Z do so (now or later) by using -c with the switch command. Example:
test (20.x)	Checkout code	2026-02-10T08:07:51.6567963Z 
test (20.x)	Checkout code	2026-02-10T08:07:51.6568574Z   git switch -c <new-branch-name>
test (20.x)	Checkout code	2026-02-10T08:07:51.6569926Z 
test (20.x)	Checkout code	2026-02-10T08:07:51.6570508Z Or undo this operation with:
test (20.x)	Checkout code	2026-02-10T08:07:51.6571382Z 
test (20.x)	Checkout code	2026-02-10T08:07:51.6571839Z   git switch -
test (20.x)	Checkout code	2026-02-10T08:07:51.6572533Z 
test (20.x)	Checkout code	2026-02-10T08:07:51.6573718Z Turn off this advice by setting config variable advice.detachedHead to false
test (20.x)	Checkout code	2026-02-10T08:07:51.6575410Z 
test (20.x)	Checkout code	2026-02-10T08:07:51.6576777Z HEAD is now at 9f3b003 Merge 4fa6fb30484585fbba829bda9be0c14454a14da0 into 46a4097e16649a0720b34002cb06c6ce82ff30fa
test (20.x)	Checkout code	2026-02-10T08:07:51.6582533Z ##[endgroup]
test (20.x)	Checkout code	2026-02-10T08:07:51.6600221Z [command]/usr/bin/git log -1 --format=%H
test (20.x)	Checkout code	2026-02-10T08:07:51.6621829Z 9f3b00353a50d1d5d96af86f96b8c871ce53c6ca
test (20.x)	Setup Node.js 20.x	∩╗┐2026-02-10T08:07:51.6953249Z ##[group]Run actions/setup-node@v4
test (20.x)	Setup Node.js 20.x	2026-02-10T08:07:51.6954439Z with:
test (20.x)	Setup Node.js 20.x	2026-02-10T08:07:51.6955544Z   node-version: 20.x
test (20.x)	Setup Node.js 20.x	2026-02-10T08:07:51.6956513Z   cache: npm
test (20.x)	Setup Node.js 20.x	2026-02-10T08:07:51.6957401Z   always-auth: false
test (20.x)	Setup Node.js 20.x	2026-02-10T08:07:51.6958342Z   check-latest: false
test (20.x)	Setup Node.js 20.x	2026-02-10T08:07:51.6959598Z   token: ***
test (20.x)	Setup Node.js 20.x	2026-02-10T08:07:51.6960469Z ##[endgroup]
test (20.x)	Setup Node.js 20.x	2026-02-10T08:07:51.8775894Z Found in cache @ /opt/hostedtoolcache/node/20.20.0/x64
test (20.x)	Setup Node.js 20.x	2026-02-10T08:07:51.8778876Z ##[group]Environment details
test (20.x)	Setup Node.js 20.x	2026-02-10T08:07:52.2681021Z node: v20.20.0
test (20.x)	Setup Node.js 20.x	2026-02-10T08:07:52.2682448Z npm: 10.8.2
test (20.x)	Setup Node.js 20.x	2026-02-10T08:07:52.2683741Z yarn: 1.22.22
test (20.x)	Setup Node.js 20.x	2026-02-10T08:07:52.2686420Z ##[endgroup]
test (20.x)	Setup Node.js 20.x	2026-02-10T08:07:52.2709488Z [command]/opt/hostedtoolcache/node/20.20.0/x64/bin/npm config get cache
test (20.x)	Setup Node.js 20.x	2026-02-10T08:07:52.5391089Z /home/runner/.npm
test (20.x)	Setup Node.js 20.x	2026-02-10T08:07:52.6440693Z npm cache is not found
test (20.x)	Install dependencies	∩╗┐2026-02-10T08:07:52.6615574Z ##[group]Run npm ci
test (20.x)	Install dependencies	2026-02-10T08:07:52.6616526Z [36;1mnpm ci[0m
test (20.x)	Install dependencies	2026-02-10T08:07:52.6703323Z shell: /usr/bin/bash -e {0}
test (20.x)	Install dependencies	2026-02-10T08:07:52.6704304Z ##[endgroup]
test (20.x)	Install dependencies	2026-02-10T08:07:56.0246012Z npm warn deprecated whatwg-encoding@3.1.1: Use @exodus/bytes instead for a more spec-conformant and faster implementation
test (20.x)	Install dependencies	2026-02-10T08:07:57.1233907Z npm warn deprecated inflight@1.0.6: This module is not supported, and leaks memory. Do not use it. Check out lru-cache if you want a good and tested way to coalesce async requests by a key value, which is much more comprehensive and powerful.
test (20.x)	Install dependencies	2026-02-10T08:07:58.8338460Z npm warn deprecated glob@7.2.3: Old versions of glob are not supported, and contain widely publicized security vulnerabilities, which have been fixed in the current version. Please update. Support for old versions may be purchased (at exorbitant rates) by contacting i@izs.me
test (20.x)	Install dependencies	2026-02-10T08:07:59.2142189Z npm warn deprecated glob@10.5.0: Old versions of glob are not supported, and contain widely publicized security vulnerabilities, which have been fixed in the current version. Please update. Support for old versions may be purchased (at exorbitant rates) by contacting i@izs.me
test (20.x)	Install dependencies	2026-02-10T08:08:05.6868155Z 
test (20.x)	Install dependencies	2026-02-10T08:08:05.6869079Z > beringin-app@0.1.0 prepare
test (20.x)	Install dependencies	2026-02-10T08:08:05.6869650Z > husky
test (20.x)	Install dependencies	2026-02-10T08:08:05.6869869Z 
test (20.x)	Install dependencies	2026-02-10T08:08:05.7443205Z 
test (20.x)	Install dependencies	2026-02-10T08:08:05.7444138Z added 710 packages, and audited 711 packages in 13s
test (20.x)	Install dependencies	2026-02-10T08:08:05.7448506Z 
test (20.x)	Install dependencies	2026-02-10T08:08:05.7449034Z 188 packages are looking for funding
test (20.x)	Install dependencies	2026-02-10T08:08:05.7452435Z   run `npm fund` for details
test (20.x)	Install dependencies	2026-02-10T08:08:05.7459213Z 
test (20.x)	Install dependencies	2026-02-10T08:08:05.7459948Z found 0 vulnerabilities
test (20.x)	Run linter	∩╗┐2026-02-10T08:08:05.7754225Z ##[group]Run npm run lint
test (20.x)	Run linter	2026-02-10T08:08:05.7754528Z [36;1mnpm run lint[0m
test (20.x)	Run linter	2026-02-10T08:08:05.7789044Z shell: /usr/bin/bash -e {0}
test (20.x)	Run linter	2026-02-10T08:08:05.7789307Z ##[endgroup]
test (20.x)	Run linter	2026-02-10T08:08:05.8903107Z 
test (20.x)	Run linter	2026-02-10T08:08:05.8903618Z > beringin-app@0.1.0 lint
test (20.x)	Run linter	2026-02-10T08:08:05.8904127Z > eslint .
test (20.x)	Run linter	2026-02-10T08:08:05.8904348Z 
test (20.x)	Run linter	2026-02-10T08:08:08.4100466Z 
test (20.x)	Run linter	2026-02-10T08:08:08.4101844Z /home/runner/work/beringin-app/beringin-app/src/app/dashboard/page.tsx
test (20.x)	Run linter	2026-02-10T08:08:08.4129922Z ##[error]  34:30  error  Unexpected use of 'fetch'. Data fetching should be handled in the Infrastructure layer via Repositories, not directly in the UI  no-restricted-globals
test (20.x)	Run linter	2026-02-10T08:08:08.4137841Z 
test (20.x)	Run linter	2026-02-10T08:08:08.4138274Z /home/runner/work/beringin-app/beringin-app/src/app/login/page.tsx
test (20.x)	Run linter	2026-02-10T08:08:08.4140527Z ##[warning]  28:14  warning  'err' is defined but never used  @typescript-eslint/no-unused-vars
test (20.x)	Run linter	2026-02-10T08:08:08.4141665Z 
test (20.x)	Run linter	2026-02-10T08:08:08.4142002Z /home/runner/work/beringin-app/beringin-app/src/app/register/page.tsx
test (20.x)	Run linter	2026-02-10T08:08:08.4143112Z ##[warning]  15:9   warning  'router' is assigned a value but never used  @typescript-eslint/no-unused-vars
test (20.x)	Run linter	2026-02-10T08:08:08.4144519Z ##[warning]  35:14  warning  'err' is defined but never used              @typescript-eslint/no-unused-vars
test (20.x)	Run linter	2026-02-10T08:08:08.4145720Z 
test (20.x)	Run linter	2026-02-10T08:08:08.4146166Z /home/runner/work/beringin-app/beringin-app/src/application/usecases/getCurrentUser.usecase.ts
test (20.x)	Run linter	2026-02-10T08:08:08.4147280Z ##[warning]  18:12  warning  'error' is defined but never used  @typescript-eslint/no-unused-vars
test (20.x)	Run linter	2026-02-10T08:08:08.4148059Z 
test (20.x)	Run linter	2026-02-10T08:08:08.4148456Z /home/runner/work/beringin-app/beringin-app/src/infrastructure/auth/supabase-client.ts
test (20.x)	Run linter	2026-02-10T08:08:08.4149444Z ##[warning]  18:20  warning  'error' is defined but never used  @typescript-eslint/no-unused-vars
test (20.x)	Run linter	2026-02-10T08:08:08.4150771Z ##[warning]  27:20  warning  'error' is defined but never used  @typescript-eslint/no-unused-vars
test (20.x)	Run linter	2026-02-10T08:08:08.4151545Z 
test (20.x)	Run linter	2026-02-10T08:08:08.4151949Z Γ£û 7 problems (1 error, 6 warnings)
test (20.x)	Run linter	2026-02-10T08:08:08.4152134Z 
test (20.x)	Run linter	2026-02-10T08:08:08.4437706Z ##[error]Process completed with exit code 1.
test (20.x)	Post Checkout code	∩╗┐2026-02-10T08:08:08.4556415Z Post job cleanup.
test (20.x)	Post Checkout code	2026-02-10T08:08:08.5588213Z [command]/usr/bin/git version
test (20.x)	Post Checkout code	2026-02-10T08:08:08.5629381Z git version 2.52.0
test (20.x)	Post Checkout code	2026-02-10T08:08:08.5674323Z Temporarily overriding HOME='/home/runner/work/_temp/a5f60d17-5db7-4858-9cd5-4022495bab02' before making global git config changes
test (20.x)	Post Checkout code	2026-02-10T08:08:08.5676239Z Adding repository directory to the temporary git global config as a safe directory
test (20.x)	Post Checkout code	2026-02-10T08:08:08.5688453Z [command]/usr/bin/git config --global --add safe.directory /home/runner/work/beringin-app/beringin-app
test (20.x)	Post Checkout code	2026-02-10T08:08:08.5723610Z [command]/usr/bin/git config --local --name-only --get-regexp core\.sshCommand
test (20.x)	Post Checkout code	2026-02-10T08:08:08.5756928Z [command]/usr/bin/git submodule foreach --recursive sh -c "git config --local --name-only --get-regexp 'core\.sshCommand' && git config --local --unset-all 'core.sshCommand' || :"
test (20.x)	Post Checkout code	2026-02-10T08:08:08.5984972Z [command]/usr/bin/git config --local --name-only --get-regexp http\.https\:\/\/github\.com\/\.extraheader
test (20.x)	Post Checkout code	2026-02-10T08:08:08.6005567Z http.https://github.com/.extraheader
test (20.x)	Post Checkout code	2026-02-10T08:08:08.6018678Z [command]/usr/bin/git config --local --unset-all http.https://github.com/.extraheader
test (20.x)	Post Checkout code	2026-02-10T08:08:08.6049258Z [command]/usr/bin/git submodule foreach --recursive sh -c "git config --local --name-only --get-regexp 'http\.https\:\/\/github\.com\/\.extraheader' && git config --local --unset-all 'http.https://github.com/.extraheader' || :"
test (20.x)	Post Checkout code	2026-02-10T08:08:08.6282844Z [command]/usr/bin/git config --local --name-only --get-regexp ^includeIf\.gitdir:
test (20.x)	Post Checkout code	2026-02-10T08:08:08.6316762Z [command]/usr/bin/git submodule foreach --recursive git config --local --show-origin --name-only --get-regexp remote.origin.url
test (20.x)	Complete job	∩╗┐2026-02-10T08:08:08.6675530Z Cleaning up orphan processes
